// Jest Snapshot v1, https://goo.gl/fbAQLP

exports[`Icon Only Button It should render without crashing 1`] = `
<button
  aria-label="Go to Cart"
  class="icon"
  type="button"
>
  <svg
    class="h-6 w-6"
    stroke="currentColor"
    stroke-width="2"
    viewBox="0 0 24 24"
    xmlns="http://www.w3.org/2000/svg"
  >
    <path
      d="M6 18 18 6M6 6l12 12"
      stroke-linecap="round"
      stroke-linejoin="round"
    />
  </svg>
</button>
`;

exports[`primary or secondary button It should render without crashing 1`] = `
<button
  class="secondary large"
  disabled=""
  type="button"
>
  Secondary Button
</button>
`;
