// Jest Snapshot v1, https://goo.gl/fbAQLP

exports[`Checkbox Input should render without crashing 1`] = `Promise {}`;
